// Jest Snapshot v1, https://goo.gl/fbAQLP

exports[`renders Popover correctly 1`] = `
<div>
  <div>
    <button
      class="eui-button eui-button-s eui-button-customize"
      role="button"
    >
      test
    </button>
  </div>
</div>
`;
