// Jest Snapshot v1, https://goo.gl/fbAQLP

exports[`renders Portal correctly 1`] = `
<div>
  <div
    class="edm-wingblank Portal edm-wingblank-m"
  />
</div>
`;
